// Jest Snapshot v1, https://goo.gl/fbAQLP

exports[`EditProfile matches the snapshot 1`] = `
ShallowWrapper {
  Symbol(enzyme.__root__): [Circular],
  Symbol(enzyme.__unrendered__): <EditProfile
    history={
        Object {
            "action": "PUSH",
            "block": [Function],
            "createHref": [Function],
            "go": [Function],
            "goBack": [Function],
            "goForward": [Function],
            "length": 123,
            "listen": [Function],
            "location": Object {
              "hash": "",
              "key": "",
              "pathname": "",
              "search": "",
              "state": "",
            },
            "push": [Function],
            "replace": [Function],
          }
    }
    intl={
        Object {
            "defaultFormats": "",
            "defaultLocale": "",
            "formatDate": [Function],
            "formatHTMLMessage": [Function],
            "formatMessage": [Function],
            "formatNumber": [Function],
            "formatPlural": [Function],
            "formatRelative": [Function],
            "formatTime": [Function],
            "formats": "",
            "locale": "",
            "messages": Object {},
            "now": [Function],
          }
    }
    location={
        Object {
            "hash": "",
            "key": "",
            "pathname": "",
            "search": "",
            "state": "",
          }
    }
    match={
        Object {
            "isExact": true,
            "params": Object {},
            "path": "",
            "url": "",
          }
    }
    submitForm={[Function]}
    user={
        Object {
            "_id": "id",
            "address": "address",
            "availability": undefined,
            "avatar": "avatar",
            "car": false,
            "children": Array [
              Object {
                "dob": 122322,
                "gender": "boy",
                "id": "childId",
                "information": "childInformation",
                "name": "childName",
                "school": "school",
              },
            ],
            "city": "city",
            "drivingLicense": false,
            "email": "email",
            "firstName": "firstName",
            "lastName": "lastName",
            "lat": 1234,
            "lng": 123445,
            "nonSmoker": false,
            "photoURL": "photU\`rl",
            "postCode": "postCode",
            "profileDescription": "profileDescription",
            "profileTitle": "profileTitle",
            "unavailability": undefined,
          }
    }
    userEmail="email"
/>,
  Symbol(enzyme.__renderer__): Object {
    "batchedUpdates": [Function],
    "getNode": [Function],
    "render": [Function],
    "simulateError": [Function],
    "simulateEvent": [Function],
    "unmount": [Function],
  },
  Symbol(enzyme.__node__): Object {
    "instance": null,
    "key": undefined,
    "nodeType": "function",
    "props": Object {
      "children": Array [
        <header
          className="green-bg pt3 shadow-3"
>
          <div
                    className="flex ma0 ph5-ns"
                    onClick={[Function]}
          >
                    <Svg
                              Icon={[Function]}
                              fill="#FF6300"
                    />
                    <span
                              className="orange ml3 ttc"
                    >
                              <FormattedMessage
                                        id="content|editprofile|myprofile"
                                        values={Object {}}
                              />
                    </span>
          </div>
          <div
                    className="f6 mt3 flex flex-nowrap justify-between mh2 ph5-ns"
          >
                    <div
                              className="orange pb2 f7 ttu bb b--orange"
                              onClick={[Function]}
                    >
                              content|editprofile|myinfo
                    </div>
                    <div
                              className="orange pb2 f7 ttu "
                              onClick={[Function]}
                    >
                              content|editprofile|myad
                    </div>
                    <div
                              className="orange pb2 f7 ttu "
                              onClick={[Function]}
                    >
                              content|editprofile|mychildren
                    </div>
                    <div
                              className="orange pb2 f7 ttu "
                              onClick={[Function]}
                    >
                              content|editprofile|myavailability
                    </div>
          </div>
</header>,
        <Connect(InjectIntl(PersonalInfoForm))
          submitButton={
                    <button
                              className="dn"
                              type="submit"
                    />
          }
/>,
      ],
    },
    "ref": null,
    "rendered": Array [
      Object {
        "instance": null,
        "key": undefined,
        "nodeType": "host",
        "props": Object {
          "children": Array [
            <div
              className="flex ma0 ph5-ns"
              onClick={[Function]}
>
              <Svg
                            Icon={[Function]}
                            fill="#FF6300"
              />
              <span
                            className="orange ml3 ttc"
              >
                            <FormattedMessage
                                          id="content|editprofile|myprofile"
                                          values={Object {}}
                            />
              </span>
</div>,
            <div
              className="f6 mt3 flex flex-nowrap justify-between mh2 ph5-ns"
>
              <div
                            className="orange pb2 f7 ttu bb b--orange"
                            onClick={[Function]}
              >
                            content|editprofile|myinfo
              </div>
              <div
                            className="orange pb2 f7 ttu "
                            onClick={[Function]}
              >
                            content|editprofile|myad
              </div>
              <div
                            className="orange pb2 f7 ttu "
                            onClick={[Function]}
              >
                            content|editprofile|mychildren
              </div>
              <div
                            className="orange pb2 f7 ttu "
                            onClick={[Function]}
              >
                            content|editprofile|myavailability
              </div>
</div>,
          ],
          "className": "green-bg pt3 shadow-3",
        },
        "ref": null,
        "rendered": Array [
          Object {
            "instance": null,
            "key": undefined,
            "nodeType": "host",
            "props": Object {
              "children": Array [
                <Svg
                  Icon={[Function]}
                  fill="#FF6300"
/>,
                <span
                  className="orange ml3 ttc"
>
                  <FormattedMessage
                                    id="content|editprofile|myprofile"
                                    values={Object {}}
                  />
</span>,
              ],
              "className": "flex ma0 ph5-ns",
              "onClick": [Function],
            },
            "ref": null,
            "rendered": Array [
              Object {
                "instance": null,
                "key": undefined,
                "nodeType": "function",
                "props": Object {
                  "Icon": [Function],
                  "fill": "#FF6300",
                },
                "ref": null,
                "rendered": null,
                "type": [Function],
              },
              Object {
                "instance": null,
                "key": undefined,
                "nodeType": "host",
                "props": Object {
                  "children": <FormattedMessage
                    id="content|editprofile|myprofile"
                    values={Object {}}
/>,
                  "className": "orange ml3 ttc",
                },
                "ref": null,
                "rendered": Object {
                  "instance": null,
                  "key": undefined,
                  "nodeType": "class",
                  "props": Object {
                    "id": "content|editprofile|myprofile",
                    "values": Object {},
                  },
                  "ref": null,
                  "rendered": null,
                  "type": [Function],
                },
                "type": "span",
              },
            ],
            "type": "div",
          },
          Object {
            "instance": null,
            "key": undefined,
            "nodeType": "host",
            "props": Object {
              "children": Array [
                <div
                  className="orange pb2 f7 ttu bb b--orange"
                  onClick={[Function]}
>
                  content|editprofile|myinfo
</div>,
                <div
                  className="orange pb2 f7 ttu "
                  onClick={[Function]}
>
                  content|editprofile|myad
</div>,
                <div
                  className="orange pb2 f7 ttu "
                  onClick={[Function]}
>
                  content|editprofile|mychildren
</div>,
                <div
                  className="orange pb2 f7 ttu "
                  onClick={[Function]}
>
                  content|editprofile|myavailability
</div>,
              ],
              "className": "f6 mt3 flex flex-nowrap justify-between mh2 ph5-ns",
            },
            "ref": null,
            "rendered": Array [
              Object {
                "instance": null,
                "key": "myinfo",
                "nodeType": "host",
                "props": Object {
                  "children": "content|editprofile|myinfo",
                  "className": "orange pb2 f7 ttu bb b--orange",
                  "onClick": [Function],
                },
                "ref": null,
                "rendered": "content|editprofile|myinfo",
                "type": "div",
              },
              Object {
                "instance": null,
                "key": "myad",
                "nodeType": "host",
                "props": Object {
                  "children": "content|editprofile|myad",
                  "className": "orange pb2 f7 ttu ",
                  "onClick": [Function],
                },
                "ref": null,
                "rendered": "content|editprofile|myad",
                "type": "div",
              },
              Object {
                "instance": null,
                "key": "mychildren",
                "nodeType": "host",
                "props": Object {
                  "children": "content|editprofile|mychildren",
                  "className": "orange pb2 f7 ttu ",
                  "onClick": [Function],
                },
                "ref": null,
                "rendered": "content|editprofile|mychildren",
                "type": "div",
              },
              Object {
                "instance": null,
                "key": "myavailability",
                "nodeType": "host",
                "props": Object {
                  "children": "content|editprofile|myavailability",
                  "className": "orange pb2 f7 ttu ",
                  "onClick": [Function],
                },
                "ref": null,
                "rendered": "content|editprofile|myavailability",
                "type": "div",
              },
            ],
            "type": "div",
          },
        ],
        "type": "header",
      },
      Object {
        "instance": null,
        "key": undefined,
        "nodeType": "class",
        "props": Object {
          "submitButton": <button
            className="dn"
            type="submit"
/>,
        },
        "ref": null,
        "rendered": null,
        "type": [Function],
      },
    ],
    "type": Symbol(react.fragment),
  },
  Symbol(enzyme.__nodes__): Array [
    Object {
      "instance": null,
      "key": undefined,
      "nodeType": "function",
      "props": Object {
        "children": Array [
          <header
            className="green-bg pt3 shadow-3"
>
            <div
                        className="flex ma0 ph5-ns"
                        onClick={[Function]}
            >
                        <Svg
                                    Icon={[Function]}
                                    fill="#FF6300"
                        />
                        <span
                                    className="orange ml3 ttc"
                        >
                                    <FormattedMessage
                                                id="content|editprofile|myprofile"
                                                values={Object {}}
                                    />
                        </span>
            </div>
            <div
                        className="f6 mt3 flex flex-nowrap justify-between mh2 ph5-ns"
            >
                        <div
                                    className="orange pb2 f7 ttu bb b--orange"
                                    onClick={[Function]}
                        >
                                    content|editprofile|myinfo
                        </div>
                        <div
                                    className="orange pb2 f7 ttu "
                                    onClick={[Function]}
                        >
                                    content|editprofile|myad
                        </div>
                        <div
                                    className="orange pb2 f7 ttu "
                                    onClick={[Function]}
                        >
                                    content|editprofile|mychildren
                        </div>
                        <div
                                    className="orange pb2 f7 ttu "
                                    onClick={[Function]}
                        >
                                    content|editprofile|myavailability
                        </div>
            </div>
</header>,
          <Connect(InjectIntl(PersonalInfoForm))
            submitButton={
                        <button
                                    className="dn"
                                    type="submit"
                        />
            }
/>,
        ],
      },
      "ref": null,
      "rendered": Array [
        Object {
          "instance": null,
          "key": undefined,
          "nodeType": "host",
          "props": Object {
            "children": Array [
              <div
                className="flex ma0 ph5-ns"
                onClick={[Function]}
>
                <Svg
                                Icon={[Function]}
                                fill="#FF6300"
                />
                <span
                                className="orange ml3 ttc"
                >
                                <FormattedMessage
                                                id="content|editprofile|myprofile"
                                                values={Object {}}
                                />
                </span>
</div>,
              <div
                className="f6 mt3 flex flex-nowrap justify-between mh2 ph5-ns"
>
                <div
                                className="orange pb2 f7 ttu bb b--orange"
                                onClick={[Function]}
                >
                                content|editprofile|myinfo
                </div>
                <div
                                className="orange pb2 f7 ttu "
                                onClick={[Function]}
                >
                                content|editprofile|myad
                </div>
                <div
                                className="orange pb2 f7 ttu "
                                onClick={[Function]}
                >
                                content|editprofile|mychildren
                </div>
                <div
                                className="orange pb2 f7 ttu "
                                onClick={[Function]}
                >
                                content|editprofile|myavailability
                </div>
</div>,
            ],
            "className": "green-bg pt3 shadow-3",
          },
          "ref": null,
          "rendered": Array [
            Object {
              "instance": null,
              "key": undefined,
              "nodeType": "host",
              "props": Object {
                "children": Array [
                  <Svg
                    Icon={[Function]}
                    fill="#FF6300"
/>,
                  <span
                    className="orange ml3 ttc"
>
                    <FormattedMessage
                                        id="content|editprofile|myprofile"
                                        values={Object {}}
                    />
</span>,
                ],
                "className": "flex ma0 ph5-ns",
                "onClick": [Function],
              },
              "ref": null,
              "rendered": Array [
                Object {
                  "instance": null,
                  "key": undefined,
                  "nodeType": "function",
                  "props": Object {
                    "Icon": [Function],
                    "fill": "#FF6300",
                  },
                  "ref": null,
                  "rendered": null,
                  "type": [Function],
                },
                Object {
                  "instance": null,
                  "key": undefined,
                  "nodeType": "host",
                  "props": Object {
                    "children": <FormattedMessage
                      id="content|editprofile|myprofile"
                      values={Object {}}
/>,
                    "className": "orange ml3 ttc",
                  },
                  "ref": null,
                  "rendered": Object {
                    "instance": null,
                    "key": undefined,
                    "nodeType": "class",
                    "props": Object {
                      "id": "content|editprofile|myprofile",
                      "values": Object {},
                    },
                    "ref": null,
                    "rendered": null,
                    "type": [Function],
                  },
                  "type": "span",
                },
              ],
              "type": "div",
            },
            Object {
              "instance": null,
              "key": undefined,
              "nodeType": "host",
              "props": Object {
                "children": Array [
                  <div
                    className="orange pb2 f7 ttu bb b--orange"
                    onClick={[Function]}
>
                    content|editprofile|myinfo
</div>,
                  <div
                    className="orange pb2 f7 ttu "
                    onClick={[Function]}
>
                    content|editprofile|myad
</div>,
                  <div
                    className="orange pb2 f7 ttu "
                    onClick={[Function]}
>
                    content|editprofile|mychildren
</div>,
                  <div
                    className="orange pb2 f7 ttu "
                    onClick={[Function]}
>
                    content|editprofile|myavailability
</div>,
                ],
                "className": "f6 mt3 flex flex-nowrap justify-between mh2 ph5-ns",
              },
              "ref": null,
              "rendered": Array [
                Object {
                  "instance": null,
                  "key": "myinfo",
                  "nodeType": "host",
                  "props": Object {
                    "children": "content|editprofile|myinfo",
                    "className": "orange pb2 f7 ttu bb b--orange",
                    "onClick": [Function],
                  },
                  "ref": null,
                  "rendered": "content|editprofile|myinfo",
                  "type": "div",
                },
                Object {
                  "instance": null,
                  "key": "myad",
                  "nodeType": "host",
                  "props": Object {
                    "children": "content|editprofile|myad",
                    "className": "orange pb2 f7 ttu ",
                    "onClick": [Function],
                  },
                  "ref": null,
                  "rendered": "content|editprofile|myad",
                  "type": "div",
                },
                Object {
                  "instance": null,
                  "key": "mychildren",
                  "nodeType": "host",
                  "props": Object {
                    "children": "content|editprofile|mychildren",
                    "className": "orange pb2 f7 ttu ",
                    "onClick": [Function],
                  },
                  "ref": null,
                  "rendered": "content|editprofile|mychildren",
                  "type": "div",
                },
                Object {
                  "instance": null,
                  "key": "myavailability",
                  "nodeType": "host",
                  "props": Object {
                    "children": "content|editprofile|myavailability",
                    "className": "orange pb2 f7 ttu ",
                    "onClick": [Function],
                  },
                  "ref": null,
                  "rendered": "content|editprofile|myavailability",
                  "type": "div",
                },
              ],
              "type": "div",
            },
          ],
          "type": "header",
        },
        Object {
          "instance": null,
          "key": undefined,
          "nodeType": "class",
          "props": Object {
            "submitButton": <button
              className="dn"
              type="submit"
/>,
          },
          "ref": null,
          "rendered": null,
          "type": [Function],
        },
      ],
      "type": Symbol(react.fragment),
    },
  ],
  Symbol(enzyme.__options__): Object {
    "adapter": ReactSixteenAdapter {
      "options": Object {
        "enableComponentDidUpdateOnSetState": true,
        "lifecycles": Object {
          "componentDidUpdate": Object {
            "onSetState": true,
          },
          "getDerivedStateFromProps": true,
          "getSnapshotBeforeUpdate": true,
          "setState": Object {
            "skipsComponentDidUpdateOnNullish": true,
          },
        },
      },
    },
  },
}
`;
