// Jest Snapshot v1, https://goo.gl/fbAQLP

exports[`AddInfoForm matches the snapshot 1`] = `
ShallowWrapper {
  Symbol(enzyme.__root__): [Circular],
  Symbol(enzyme.__unrendered__): <DashBoard
    apiThunk={
        Object {
            "updateUser": [Function],
          }
    }
    history={
        Object {
            "action": "PUSH",
            "block": [Function],
            "createHref": [Function],
            "go": [Function],
            "goBack": [Function],
            "goForward": [Function],
            "length": 123,
            "listen": [Function],
            "location": Object {
              "hash": "",
              "key": "",
              "pathname": "",
              "search": "",
              "state": "",
            },
            "push": [Function],
            "replace": [Function],
          }
    }
    intl={
        Object {
            "defaultFormats": "",
            "defaultLocale": "",
            "formatDate": [Function],
            "formatHTMLMessage": [Function],
            "formatMessage": [Function],
            "formatNumber": [Function],
            "formatPlural": [Function],
            "formatRelative": [Function],
            "formatTime": [Function],
            "formats": "",
            "locale": "",
            "messages": Object {},
            "now": [Function],
          }
    }
    location={
        Object {
            "hash": "",
            "key": "",
            "pathname": "",
            "search": "",
            "state": "",
          }
    }
    match={
        Object {
            "isExact": true,
            "params": Object {},
            "path": "",
            "url": "",
          }
    }
    user={
        Object {
            "_id": "id",
            "address": "address",
            "availability": undefined,
            "avatar": "avatar",
            "car": false,
            "children": Array [
              Object {
                "dob": 122322,
                "gender": "boy",
                "id": "childId",
                "information": "childInformation",
                "name": "childName",
                "school": "school",
              },
            ],
            "city": "city",
            "drivingLicense": false,
            "email": "email",
            "firstName": "firstName",
            "lastName": "lastName",
            "lat": 1234,
            "lng": 123445,
            "nonSmoker": false,
            "photoURL": "photU\`rl",
            "postCode": "postCode",
            "profileDescription": "profileDescription",
            "profileTitle": "profileTitle",
            "unavailability": undefined,
          }
    }
/>,
  Symbol(enzyme.__renderer__): Object {
    "batchedUpdates": [Function],
    "getNode": [Function],
    "render": [Function],
    "simulateError": [Function],
    "simulateEvent": [Function],
    "unmount": [Function],
  },
  Symbol(enzyme.__node__): Object {
    "instance": null,
    "key": undefined,
    "nodeType": "function",
    "props": Object {
      "children": <Unknown>
        <div
                className="flex flex-column pt4 ph5-m"
                onClick={[Function]}
        >
                u
                <div
                        className="h3 br2 mt4 flex justify-center items-center shadow-4 pa3 ba b--moon-gray"
                >
                        <div
                                className="flex ml3 justify-between w-100"
                        >
                                <span
                                        className="flex"
                                >
                                        <Svg
                                                Icon={[Function]}
                                                className="mr2"
                                        />
                                        <FormattedMessage
                                                id="content|dashboard|profile"
                                                values={Object {}}
                                        />
                                </span>
                                <Svg
                                        Icon={[Function]}
                                />
                        </div>
                </div>
        </div>
        <div
                className="flex flex-column pt4 ph5-m"
                id="signOut"
                onClick={[Function]}
        >
                <div
                        className="h3 br2 mt4 flex justify-center items-center shadow-4 pa3 ba b--moon-gray"
                >
                        <div
                                className="flex ml3 justify-between w-100"
                        >
                                <span
                                        className="flex"
                                >
                                        <Svg
                                                Icon={[Function]}
                                                className="mr2"
                                        />
                                        <FormattedMessage
                                                id="content|dashboard|signOut"
                                                values={Object {}}
                                        />
                                </span>
                                <Svg
                                        Icon={[Function]}
                                />
                        </div>
                </div>
        </div>
</Unknown>,
    },
    "ref": null,
    "rendered": Object {
      "instance": null,
      "key": undefined,
      "nodeType": "function",
      "props": Object {
        "children": Array [
          <div
            className="flex flex-column pt4 ph5-m"
            onClick={[Function]}
>
            u
            <div
                        className="h3 br2 mt4 flex justify-center items-center shadow-4 pa3 ba b--moon-gray"
            >
                        <div
                                    className="flex ml3 justify-between w-100"
                        >
                                    <span
                                                className="flex"
                                    >
                                                <Svg
                                                            Icon={[Function]}
                                                            className="mr2"
                                                />
                                                <FormattedMessage
                                                            id="content|dashboard|profile"
                                                            values={Object {}}
                                                />
                                    </span>
                                    <Svg
                                                Icon={[Function]}
                                    />
                        </div>
            </div>
</div>,
          <div
            className="flex flex-column pt4 ph5-m"
            id="signOut"
            onClick={[Function]}
>
            <div
                        className="h3 br2 mt4 flex justify-center items-center shadow-4 pa3 ba b--moon-gray"
            >
                        <div
                                    className="flex ml3 justify-between w-100"
                        >
                                    <span
                                                className="flex"
                                    >
                                                <Svg
                                                            Icon={[Function]}
                                                            className="mr2"
                                                />
                                                <FormattedMessage
                                                            id="content|dashboard|signOut"
                                                            values={Object {}}
                                                />
                                    </span>
                                    <Svg
                                                Icon={[Function]}
                                    />
                        </div>
            </div>
</div>,
        ],
      },
      "ref": null,
      "rendered": Array [
        Object {
          "instance": null,
          "key": undefined,
          "nodeType": "host",
          "props": Object {
            "children": Array [
              "u",
              <div
                className="h3 br2 mt4 flex justify-center items-center shadow-4 pa3 ba b--moon-gray"
>
                <div
                                className="flex ml3 justify-between w-100"
                >
                                <span
                                                className="flex"
                                >
                                                <Svg
                                                                Icon={[Function]}
                                                                className="mr2"
                                                />
                                                <FormattedMessage
                                                                id="content|dashboard|profile"
                                                                values={Object {}}
                                                />
                                </span>
                                <Svg
                                                Icon={[Function]}
                                />
                </div>
</div>,
            ],
            "className": "flex flex-column pt4 ph5-m",
            "onClick": [Function],
          },
          "ref": null,
          "rendered": Array [
            "u",
            Object {
              "instance": null,
              "key": undefined,
              "nodeType": "host",
              "props": Object {
                "children": <div
                  className="flex ml3 justify-between w-100"
>
                  <span
                                    className="flex"
                  >
                                    <Svg
                                                      Icon={[Function]}
                                                      className="mr2"
                                    />
                                    <FormattedMessage
                                                      id="content|dashboard|profile"
                                                      values={Object {}}
                                    />
                  </span>
                  <Svg
                                    Icon={[Function]}
                  />
</div>,
                "className": "h3 br2 mt4 flex justify-center items-center shadow-4 pa3 ba b--moon-gray",
              },
              "ref": null,
              "rendered": Object {
                "instance": null,
                "key": undefined,
                "nodeType": "host",
                "props": Object {
                  "children": Array [
                    <span
                      className="flex"
>
                      <Svg
                                            Icon={[Function]}
                                            className="mr2"
                      />
                      <FormattedMessage
                                            id="content|dashboard|profile"
                                            values={Object {}}
                      />
</span>,
                    <Svg
                      Icon={[Function]}
/>,
                  ],
                  "className": "flex ml3 justify-between w-100",
                },
                "ref": null,
                "rendered": Array [
                  Object {
                    "instance": null,
                    "key": undefined,
                    "nodeType": "host",
                    "props": Object {
                      "children": Array [
                        <Svg
                          Icon={[Function]}
                          className="mr2"
/>,
                        <FormattedMessage
                          id="content|dashboard|profile"
                          values={Object {}}
/>,
                      ],
                      "className": "flex",
                    },
                    "ref": null,
                    "rendered": Array [
                      Object {
                        "instance": null,
                        "key": undefined,
                        "nodeType": "function",
                        "props": Object {
                          "Icon": [Function],
                          "className": "mr2",
                        },
                        "ref": null,
                        "rendered": null,
                        "type": [Function],
                      },
                      Object {
                        "instance": null,
                        "key": undefined,
                        "nodeType": "class",
                        "props": Object {
                          "id": "content|dashboard|profile",
                          "values": Object {},
                        },
                        "ref": null,
                        "rendered": null,
                        "type": [Function],
                      },
                    ],
                    "type": "span",
                  },
                  Object {
                    "instance": null,
                    "key": undefined,
                    "nodeType": "function",
                    "props": Object {
                      "Icon": [Function],
                    },
                    "ref": null,
                    "rendered": null,
                    "type": [Function],
                  },
                ],
                "type": "div",
              },
              "type": "div",
            },
          ],
          "type": "div",
        },
        Object {
          "instance": null,
          "key": undefined,
          "nodeType": "host",
          "props": Object {
            "children": <div
              className="h3 br2 mt4 flex justify-center items-center shadow-4 pa3 ba b--moon-gray"
>
              <div
                            className="flex ml3 justify-between w-100"
              >
                            <span
                                          className="flex"
                            >
                                          <Svg
                                                        Icon={[Function]}
                                                        className="mr2"
                                          />
                                          <FormattedMessage
                                                        id="content|dashboard|signOut"
                                                        values={Object {}}
                                          />
                            </span>
                            <Svg
                                          Icon={[Function]}
                            />
              </div>
</div>,
            "className": "flex flex-column pt4 ph5-m",
            "id": "signOut",
            "onClick": [Function],
          },
          "ref": null,
          "rendered": Object {
            "instance": null,
            "key": undefined,
            "nodeType": "host",
            "props": Object {
              "children": <div
                className="flex ml3 justify-between w-100"
>
                <span
                                className="flex"
                >
                                <Svg
                                                Icon={[Function]}
                                                className="mr2"
                                />
                                <FormattedMessage
                                                id="content|dashboard|signOut"
                                                values={Object {}}
                                />
                </span>
                <Svg
                                Icon={[Function]}
                />
</div>,
              "className": "h3 br2 mt4 flex justify-center items-center shadow-4 pa3 ba b--moon-gray",
            },
            "ref": null,
            "rendered": Object {
              "instance": null,
              "key": undefined,
              "nodeType": "host",
              "props": Object {
                "children": Array [
                  <span
                    className="flex"
>
                    <Svg
                                        Icon={[Function]}
                                        className="mr2"
                    />
                    <FormattedMessage
                                        id="content|dashboard|signOut"
                                        values={Object {}}
                    />
</span>,
                  <Svg
                    Icon={[Function]}
/>,
                ],
                "className": "flex ml3 justify-between w-100",
              },
              "ref": null,
              "rendered": Array [
                Object {
                  "instance": null,
                  "key": undefined,
                  "nodeType": "host",
                  "props": Object {
                    "children": Array [
                      <Svg
                        Icon={[Function]}
                        className="mr2"
/>,
                      <FormattedMessage
                        id="content|dashboard|signOut"
                        values={Object {}}
/>,
                    ],
                    "className": "flex",
                  },
                  "ref": null,
                  "rendered": Array [
                    Object {
                      "instance": null,
                      "key": undefined,
                      "nodeType": "function",
                      "props": Object {
                        "Icon": [Function],
                        "className": "mr2",
                      },
                      "ref": null,
                      "rendered": null,
                      "type": [Function],
                    },
                    Object {
                      "instance": null,
                      "key": undefined,
                      "nodeType": "class",
                      "props": Object {
                        "id": "content|dashboard|signOut",
                        "values": Object {},
                      },
                      "ref": null,
                      "rendered": null,
                      "type": [Function],
                    },
                  ],
                  "type": "span",
                },
                Object {
                  "instance": null,
                  "key": undefined,
                  "nodeType": "function",
                  "props": Object {
                    "Icon": [Function],
                  },
                  "ref": null,
                  "rendered": null,
                  "type": [Function],
                },
              ],
              "type": "div",
            },
            "type": "div",
          },
          "type": "div",
        },
      ],
      "type": Symbol(react.fragment),
    },
    "type": Symbol(react.fragment),
  },
  Symbol(enzyme.__nodes__): Array [
    Object {
      "instance": null,
      "key": undefined,
      "nodeType": "function",
      "props": Object {
        "children": <Unknown>
          <div
                    className="flex flex-column pt4 ph5-m"
                    onClick={[Function]}
          >
                    u
                    <div
                              className="h3 br2 mt4 flex justify-center items-center shadow-4 pa3 ba b--moon-gray"
                    >
                              <div
                                        className="flex ml3 justify-between w-100"
                              >
                                        <span
                                                  className="flex"
                                        >
                                                  <Svg
                                                            Icon={[Function]}
                                                            className="mr2"
                                                  />
                                                  <FormattedMessage
                                                            id="content|dashboard|profile"
                                                            values={Object {}}
                                                  />
                                        </span>
                                        <Svg
                                                  Icon={[Function]}
                                        />
                              </div>
                    </div>
          </div>
          <div
                    className="flex flex-column pt4 ph5-m"
                    id="signOut"
                    onClick={[Function]}
          >
                    <div
                              className="h3 br2 mt4 flex justify-center items-center shadow-4 pa3 ba b--moon-gray"
                    >
                              <div
                                        className="flex ml3 justify-between w-100"
                              >
                                        <span
                                                  className="flex"
                                        >
                                                  <Svg
                                                            Icon={[Function]}
                                                            className="mr2"
                                                  />
                                                  <FormattedMessage
                                                            id="content|dashboard|signOut"
                                                            values={Object {}}
                                                  />
                                        </span>
                                        <Svg
                                                  Icon={[Function]}
                                        />
                              </div>
                    </div>
          </div>
</Unknown>,
      },
      "ref": null,
      "rendered": Object {
        "instance": null,
        "key": undefined,
        "nodeType": "function",
        "props": Object {
          "children": Array [
            <div
              className="flex flex-column pt4 ph5-m"
              onClick={[Function]}
>
              u
              <div
                            className="h3 br2 mt4 flex justify-center items-center shadow-4 pa3 ba b--moon-gray"
              >
                            <div
                                          className="flex ml3 justify-between w-100"
                            >
                                          <span
                                                        className="flex"
                                          >
                                                        <Svg
                                                                      Icon={[Function]}
                                                                      className="mr2"
                                                        />
                                                        <FormattedMessage
                                                                      id="content|dashboard|profile"
                                                                      values={Object {}}
                                                        />
                                          </span>
                                          <Svg
                                                        Icon={[Function]}
                                          />
                            </div>
              </div>
</div>,
            <div
              className="flex flex-column pt4 ph5-m"
              id="signOut"
              onClick={[Function]}
>
              <div
                            className="h3 br2 mt4 flex justify-center items-center shadow-4 pa3 ba b--moon-gray"
              >
                            <div
                                          className="flex ml3 justify-between w-100"
                            >
                                          <span
                                                        className="flex"
                                          >
                                                        <Svg
                                                                      Icon={[Function]}
                                                                      className="mr2"
                                                        />
                                                        <FormattedMessage
                                                                      id="content|dashboard|signOut"
                                                                      values={Object {}}
                                                        />
                                          </span>
                                          <Svg
                                                        Icon={[Function]}
                                          />
                            </div>
              </div>
</div>,
          ],
        },
        "ref": null,
        "rendered": Array [
          Object {
            "instance": null,
            "key": undefined,
            "nodeType": "host",
            "props": Object {
              "children": Array [
                "u",
                <div
                  className="h3 br2 mt4 flex justify-center items-center shadow-4 pa3 ba b--moon-gray"
>
                  <div
                                    className="flex ml3 justify-between w-100"
                  >
                                    <span
                                                      className="flex"
                                    >
                                                      <Svg
                                                                        Icon={[Function]}
                                                                        className="mr2"
                                                      />
                                                      <FormattedMessage
                                                                        id="content|dashboard|profile"
                                                                        values={Object {}}
                                                      />
                                    </span>
                                    <Svg
                                                      Icon={[Function]}
                                    />
                  </div>
</div>,
              ],
              "className": "flex flex-column pt4 ph5-m",
              "onClick": [Function],
            },
            "ref": null,
            "rendered": Array [
              "u",
              Object {
                "instance": null,
                "key": undefined,
                "nodeType": "host",
                "props": Object {
                  "children": <div
                    className="flex ml3 justify-between w-100"
>
                    <span
                                        className="flex"
                    >
                                        <Svg
                                                            Icon={[Function]}
                                                            className="mr2"
                                        />
                                        <FormattedMessage
                                                            id="content|dashboard|profile"
                                                            values={Object {}}
                                        />
                    </span>
                    <Svg
                                        Icon={[Function]}
                    />
</div>,
                  "className": "h3 br2 mt4 flex justify-center items-center shadow-4 pa3 ba b--moon-gray",
                },
                "ref": null,
                "rendered": Object {
                  "instance": null,
                  "key": undefined,
                  "nodeType": "host",
                  "props": Object {
                    "children": Array [
                      <span
                        className="flex"
>
                        <Svg
                                                Icon={[Function]}
                                                className="mr2"
                        />
                        <FormattedMessage
                                                id="content|dashboard|profile"
                                                values={Object {}}
                        />
</span>,
                      <Svg
                        Icon={[Function]}
/>,
                    ],
                    "className": "flex ml3 justify-between w-100",
                  },
                  "ref": null,
                  "rendered": Array [
                    Object {
                      "instance": null,
                      "key": undefined,
                      "nodeType": "host",
                      "props": Object {
                        "children": Array [
                          <Svg
                            Icon={[Function]}
                            className="mr2"
/>,
                          <FormattedMessage
                            id="content|dashboard|profile"
                            values={Object {}}
/>,
                        ],
                        "className": "flex",
                      },
                      "ref": null,
                      "rendered": Array [
                        Object {
                          "instance": null,
                          "key": undefined,
                          "nodeType": "function",
                          "props": Object {
                            "Icon": [Function],
                            "className": "mr2",
                          },
                          "ref": null,
                          "rendered": null,
                          "type": [Function],
                        },
                        Object {
                          "instance": null,
                          "key": undefined,
                          "nodeType": "class",
                          "props": Object {
                            "id": "content|dashboard|profile",
                            "values": Object {},
                          },
                          "ref": null,
                          "rendered": null,
                          "type": [Function],
                        },
                      ],
                      "type": "span",
                    },
                    Object {
                      "instance": null,
                      "key": undefined,
                      "nodeType": "function",
                      "props": Object {
                        "Icon": [Function],
                      },
                      "ref": null,
                      "rendered": null,
                      "type": [Function],
                    },
                  ],
                  "type": "div",
                },
                "type": "div",
              },
            ],
            "type": "div",
          },
          Object {
            "instance": null,
            "key": undefined,
            "nodeType": "host",
            "props": Object {
              "children": <div
                className="h3 br2 mt4 flex justify-center items-center shadow-4 pa3 ba b--moon-gray"
>
                <div
                                className="flex ml3 justify-between w-100"
                >
                                <span
                                                className="flex"
                                >
                                                <Svg
                                                                Icon={[Function]}
                                                                className="mr2"
                                                />
                                                <FormattedMessage
                                                                id="content|dashboard|signOut"
                                                                values={Object {}}
                                                />
                                </span>
                                <Svg
                                                Icon={[Function]}
                                />
                </div>
</div>,
              "className": "flex flex-column pt4 ph5-m",
              "id": "signOut",
              "onClick": [Function],
            },
            "ref": null,
            "rendered": Object {
              "instance": null,
              "key": undefined,
              "nodeType": "host",
              "props": Object {
                "children": <div
                  className="flex ml3 justify-between w-100"
>
                  <span
                                    className="flex"
                  >
                                    <Svg
                                                      Icon={[Function]}
                                                      className="mr2"
                                    />
                                    <FormattedMessage
                                                      id="content|dashboard|signOut"
                                                      values={Object {}}
                                    />
                  </span>
                  <Svg
                                    Icon={[Function]}
                  />
</div>,
                "className": "h3 br2 mt4 flex justify-center items-center shadow-4 pa3 ba b--moon-gray",
              },
              "ref": null,
              "rendered": Object {
                "instance": null,
                "key": undefined,
                "nodeType": "host",
                "props": Object {
                  "children": Array [
                    <span
                      className="flex"
>
                      <Svg
                                            Icon={[Function]}
                                            className="mr2"
                      />
                      <FormattedMessage
                                            id="content|dashboard|signOut"
                                            values={Object {}}
                      />
</span>,
                    <Svg
                      Icon={[Function]}
/>,
                  ],
                  "className": "flex ml3 justify-between w-100",
                },
                "ref": null,
                "rendered": Array [
                  Object {
                    "instance": null,
                    "key": undefined,
                    "nodeType": "host",
                    "props": Object {
                      "children": Array [
                        <Svg
                          Icon={[Function]}
                          className="mr2"
/>,
                        <FormattedMessage
                          id="content|dashboard|signOut"
                          values={Object {}}
/>,
                      ],
                      "className": "flex",
                    },
                    "ref": null,
                    "rendered": Array [
                      Object {
                        "instance": null,
                        "key": undefined,
                        "nodeType": "function",
                        "props": Object {
                          "Icon": [Function],
                          "className": "mr2",
                        },
                        "ref": null,
                        "rendered": null,
                        "type": [Function],
                      },
                      Object {
                        "instance": null,
                        "key": undefined,
                        "nodeType": "class",
                        "props": Object {
                          "id": "content|dashboard|signOut",
                          "values": Object {},
                        },
                        "ref": null,
                        "rendered": null,
                        "type": [Function],
                      },
                    ],
                    "type": "span",
                  },
                  Object {
                    "instance": null,
                    "key": undefined,
                    "nodeType": "function",
                    "props": Object {
                      "Icon": [Function],
                    },
                    "ref": null,
                    "rendered": null,
                    "type": [Function],
                  },
                ],
                "type": "div",
              },
              "type": "div",
            },
            "type": "div",
          },
        ],
        "type": Symbol(react.fragment),
      },
      "type": Symbol(react.fragment),
    },
  ],
  Symbol(enzyme.__options__): Object {
    "adapter": ReactSixteenAdapter {
      "options": Object {
        "enableComponentDidUpdateOnSetState": true,
        "lifecycles": Object {
          "componentDidUpdate": Object {
            "onSetState": true,
          },
          "getDerivedStateFromProps": true,
          "getSnapshotBeforeUpdate": true,
          "setState": Object {
            "skipsComponentDidUpdateOnNullish": true,
          },
        },
      },
    },
  },
}
`;
